<ol class="toc">
  <li>
    <a href="#some-anchor-1">H2 heading</a>
    <ol class="toc">
      <li>
        <a href="#some-anchor-2">H3 heading</a>
      </li>
    </ol>
  </li>
</ol>

<a name="some-anchor-1"></a>
<h2>H2 heading</h2>
<a name="some-anchor-2"></a>
<h3>H3 heading</h3>

